(Adif,(Aten,((Asub,Agem):1.0184104302822294,#H6:::0.20462625086805805):1.4654638985305235):2.321302781677019,(Aech)#H6:::0.7953737491319419); -Ploglik = 0.06893702869666156
 Dendroscope: (Adif,(Aten,((Asub,Agem):1.0184104302822294,#H6):1.4654638985305235):2.321302781677019,(Aech)#H6);
 Elapsed time: 66.571709197 seconds, 10 attempted runs
-------
List of estimated networks for all runs (sorted by log-pseudolik; the smaller, the better):
 (Adif,(Aten,((Asub,Agem):1.0184104302822294,#H6:::0.20462625086805805):1.4654638985305235):2.321302781677019,(Aech)#H6:::0.7953737491319419);, with -loglik 0.06893702869666156
 (Adif,(Aten,((Asub,Agem):1.018368675693336,#H6:::0.2046203250580613):1.4655042782160468):2.321235924162463,(Aech)#H6:::0.7953796749419387);, with -loglik 0.06893703328397738
 (#H6:::0.20463130872559887,(Asub,Agem):1.0184429689287486,(Aten,(Adif,(Aech)#H6:::0.7953686912744011):2.3213262609217225):1.4654283467280098);, with -loglik 0.06893703360028997
 (Adif,(Aten,((Asub,Agem):1.0182706265107302,#H6:::0.20460828602451933):1.4656599433457662):2.321187095265696,(Aech)#H6:::0.7953917139754807);, with -loglik 0.06893706715040179
 (Aech,((Agem,Asub):1.9553550500740393,(Aten,#H6:::0.18917767591815046):2.008145483680762):2.008145483680762,(Adif)#H6:::0.8108223240818496);, with -loglik 1.6574106518213307
 (((Agem,Asub):1.9553550808138593,(Aten,#H6:::0.18917763703640136):2.0081452883807236):2.0081452883807236,Aech,(Adif)#H6:::0.8108223629635987);, with -loglik 1.657410651821954
 (Aech,((Agem,Asub):1.955355044708557,(Aten,#H6:::0.18917781622798313):2.008145770321525):2.008145770321525,(Adif)#H6:::0.8108221837720168);, with -loglik 1.6574106518296885
 (Aten,((Aech,#H6:::0.81082199656499):2.0081471054123736,(Agem,Asub):1.955356288042793):2.0081471054123736,(Adif)#H6:::0.18917800343501);, with -loglik 1.657410651886345
 ((Aten,((Agem,Asub):4.2968635586790964e-6,#H6:::0.11945927754423433):2.7526176032010587):1.7413734929440956,Adif,(Aech)#H6:::0.8805407224557656);, with -loglik 2.340063841387355
 (Aech,(Adif,(Aten,((Asub,Agem):0.0)#H6:9.967483170891468::0.9557155948233158):1.2656032920345714):10.0,#H6:9.99924901596786::0.04428440517668414);, with -loglik 6.838604478976377
-------
